# Tiny arena for quick combat testing. See duel.map for the file format.

name Test Arena (32x32)
width 32
height 32
tiles
################################
#..............................#
#..............................#
#..............................#
#..............................#
#..............................#
#..............................#
#..............................#
#..............................#
#..............................#
#..............................#
#..............................#
#..............................#
#..............................#
#..............~~..............#
#.............~~~~.............#
#.............~~~~.............#
#..............~~..............#
#..............................#
#..............................#
#..............................#
#..............................#
#..............................#
#..............................#
#..............................#
#..............................#
#..............................#
#..............................#
#..............................#
#..............................#
#..............................#
################################

# Tiny combat test: two armies face each other. Bases only so nobody loses at once.
base 0 2 14
base 1 27 15
gold 2 5 1000
gold 29 26 1000
melee 0 10 8
melee 1 21 23
ranged 0 8 8
ranged 1 23 23
melee 0 10 9
melee 1 21 22
ranged 0 8 9
ranged 1 23 22
melee 0 10 10
melee 1 21 21
ranged 0 8 10
ranged 1 23 21
melee 0 10 11
melee 1 21 20
ranged 0 8 11
ranged 1 23 20
melee 0 10 12
melee 1 21 19
ranged 0 8 12
ranged 1 23 19
melee 0 10 19
melee 1 21 12
ranged 0 8 19
ranged 1 23 12
melee 0 10 20
melee 1 21 11
ranged 0 8 20
ranged 1 23 11
melee 0 10 21
melee 1 21 10
ranged 0 8 21
ranged 1 23 10
melee 0 10 22
melee 1 21 9
ranged 0 8 22
ranged 1 23 9
melee 0 10 23
melee 1 21 8
ranged 0 8 23
ranged 1 23 8
