# Made with the RTS Kit map editor. The file format is described in duel.map.

name Dire Straight (64x64)
width 64
height 64
tiles
.............................~~~~~~~~~~~~~~~~~~~~~~~~~~~~~~~~~~~
.............................~~~~~~~~~~~~~~~~~~~~~~~~~~~~~~~~~~~
............................~~~~~~~~~~~~~~~~~~~~~~~~~~~~~~~~~~~~
............................~~~~~~~~~~~~~~~~~~~~~~~~~~~~~~~~~~~~
............................~~~~~~~~~~~~~~~~~~~~~~~~~~~~~~~~~~~~
............................~~~~~~~~~~~~~~~~~~~~~~~~~~~~~~~~~~~~
............................~~~~~~~~~~~~~~~~~~~~~~~~~~~~~~~~~~~~
............................~~~~~~~~~~~~~~~~~~~~~~~~~~~~~~~~~~~~
............................~~~~~~~~~~~~~~~~~~~~~~~~~~~~~~~~~~~~
...........................~~~~~~~~~~~~~~~~~~~~~~~~~~~~~~~~~~~~~
...........................~~~~~~~~~~~~~~~~~~~~~~~~~~~~~~~~~~~~~
...........................~~~~~~~~~~~~~~~~~~~~~~~~~~~~~~~~~~~~~
...........................~~~~~~~~~~~~~~~~~~~~~~~~~~~~~~~~~~~~~
...........................~~~~~~~~~~~~~~~~~~~~~~~~~~~~~~~~~~~~~
...........................~~~~~~~~~~~~~~~~~~~~~~~~~~~~~~~~~~~~~
........................,,,~~~~~~~~~~~~~~~~~~~~~~~~~~~~~~~~~~~~~
......................,,,,,~~~~~~~~~~~~~~~~~~~~~~~~~~~~~~~~~~~~~
...................,,,,,,,,~~~~~~~~~~~~~~~~~~~~~~~~~~~~~~~~~~~~~
..................,,,,,,,,,~~~~~~~~~~~~~~~~~~~~~~~~~~~~~~~~~~~~~
.................,,,,,,,,,,,~~~~~~~~~~~~~~~~~~~~~~~~~~~~~~~~~~~~
................,,,,,,,,,,,,,,~~~~~~~~~~~~~~~~~~~~~~~~~~~~~~~~~~
...............,,,,,,,,,,,,,,,,~~~~~~~~~~~~~~~~~~~~~~~~~~~~~~~~~
..............,,,,,,,,,,,,,,,,,,~~~~~~~~~~~~~~~~~~~~~~~~~~~~~~~~
.............,,,,,,,,,,,,,,,,,,,,~~~~~~~~~~~~~~~~~~~~~~~~~~~~~~~
.............,,,,,,,,,,,,,,,,,,,,,,~~~~~~~~~~~~~~~~~~~~~~~~~~~~~
............,,,,,,,,,,,,,,,,,,,,,,,,~~~~~~~~~~~~~~~~~~~~~~~~~~~~
............,,,,,,,,,,,,,,,,,,,,,,,,,,~~~~~~~~~~~~~~~~~~~~~~~~~~
.....~~~....,,,,,,,,,,,,,,,,,,,,,,,,,,,~~~~~~~~~~~~~~~~~~~~~~~~~
~~~~~~~~~~~.,,,,,,,,,,,,,,,,,,,,,,,,,,,,~~~~~~~~~~~~~~~~~~~~~~~~
~~~~~~~~~~~~~~~~~,,,,,,,,,,,,,,,,,,,,,,,,,~~~~~~~~~~~~~~~~~~~~~.
~~~~~~~~~~~~~~~~~~,,,,,,,,,,,,,,,,,,,,,,,,,~~~~~~~~~~~~~~~~~~~..
~~~~~~~~~~~~~~~~~~~~,,,,,,,,,,,,,,,,,,,,,,,,,~~~~~~~~~~.........
~~~~~~~~~~~~~~~~~~~~~,,,,,,,,,,,,,,,,,,,,,,,,,,,................
~~~~~~~~~~~~~~~~~~~~~~~,,,,,,,,,,,,,,,,,,,,,,,,.................
~~~~~~~~~~~~~~~~~~~~~~~~,,,,,,,,,,,,,,,,,,,,,,,.................
~~~~~~~~~~~~~~~~~~~~~~~~~,,,,,,,,,,,,,,,,,,,,,..................
~~~~~~~~~~~~~~~~~~~~~~~~~~~,,,,,,,,,,,,,,,,,,,..................
~~~~~~~~~~~~~~~~~~~~~~~~~~~~,,,,,,,,,,,,,,,,,...................
~~~~~~~~~~~~~~~~~~~~~~~~~~~~~,,,,,,,,,,,,,,,,...................
~~~~~~~~~~~~~~~~~~~~~~~~~~~~~~,,,,,,,,,,,,,.....................
~~~~~~~~~~~~~~~~~~~~~~~~~~~~~~~,,,,,,,,,,,......................
~~~~~~~~~~~~~~~~~~~~~~~~~~~~~~~~~,,,,,,,,,......................
~~~~~~~~~~~~~~~~~~~~~~~~~~~~~~~~~,,,,,,,,.......................
~~~~~~~~~~~~~~~~~~~~~~~~~~~~~~~~~~,,,,,.........................
~~~~~~~~~~~~~~~~~~~~~~~~~~~~~~~~~~~,,,..........................
~~~~~~~~~~~~~~~~~~~~~~~~~~~~~~~~~~~~............................
~~~~~~~~~~~~~~~~~~~~~~~~~~~~~~~~~~~~............................
~~~~~~~~~~~~~~~~~~~~~~~~~~~~~~~~~~~~............................
~~~~~~~~~~~~~~~~~~~~~~~~~~~~~~~~~~~~~...........................
~~~~~~~~~~~~~~~~~~~~~~~~~~~~~~~~~~~~~...........................
~~~~~~~~~~~~~~~~~~~~~~~~~~~~~~~~~~~~~...........................
~~~~~~~~~~~~~~~~~~~~~~~~~~~~~~~~~~~~~...........................
~~~~~~~~~~~~~~~~~~~~~~~~~~~~~~~~~~~~~~..........................
~~~~~~~~~~~~~~~~~~~~~~~~~~~~~~~~~~~~~~..........................
~~~~~~~~~~~~~~~~~~~~~~~~~~~~~~~~~~~~~~..........................
~~~~~~~~~~~~~~~~~~~~~~~~~~~~~~~~~~~~~...........................
~~~~~~~~~~~~~~~~~~~~~~~~~~~~~~~~~~~~~...........................
~~~~~~~~~~~~~~~~~~~~~~~~~~~~~~~~~~~~~~..........................
~~~~~~~~~~~~~~~~~~~~~~~~~~~~~~~~~~~~~~..........................
~~~~~~~~~~~~~~~~~~~~~~~~~~~~~~~~~~~~~~~.........................
~~~~~~~~~~~~~~~~~~~~~~~~~~~~~~~~~~~~~~~.........................
~~~~~~~~~~~~~~~~~~~~~~~~~~~~~~~~~~~~~~~.........................
~~~~~~~~~~~~~~~~~~~~~~~~~~~~~~~~~~~~~~~.........................
~~~~~~~~~~~~~~~~~~~~~~~~~~~~~~~~~~~~~~~.........................

base 0 6 5
gold 2 7 1500
gold 2 4 1500
gold 5 2 1500
gold 8 2 1500
gold 3 1 1500
gold 1 2 1500
gold 19 28 1500
gold 19 25 1500
gold 22 22 1500
gold 25 21 1500
gold 20 22 1500
gold 18 23 1500
gold 51 59 1500
gold 55 59 1500
gold 58 59 1500
gold 60 57 1500
gold 59 55 1500
gold 59 51 1500
gold 33 38 1500
gold 36 38 1500
gold 39 39 1500
gold 41 38 1500
gold 40 36 1500
gold 40 32 1500
base 1 53 53
worker 1 53 57
worker 1 55 57
worker 1 57 53
worker 1 57 55
worker 0 4 5
worker 0 4 7
worker 0 6 3
worker 0 8 3
