# Made for the RTS Kit AI tests. The file format is described in maps/FORMAT.md.
# Two islands, no ground path between them: each side must fly its army over (Airships).
# A small islet with gold in the middle; lava across the north and south of the channel.
name Islands (64x64)
width 64
height 64
tiles
~~~~~~~~~~~~~~~~~~~~~~~^^^^^^^^^^^^^^^^^^~~~~~~~~~~~~~~~~~~~~~~~
~~~~~~~~~~~~~~~~~~~~~~~^^^^^^^^^^^^^^^^^^~~~~~~~~~~~~~~~~~~~~~~~
~~~~~~~~~~~~~~~~~~~~~~~^^^^^^^^^^^^^^^^^^~~~~~~~~~~~~~~~~~~~~~~~
~~~~~~~~~~~~~~~~~~~~~~~^^^^^^^^^^^^^^^^^^~~~~~~~~~~~~~~~~~~~~~~~
~~.....................^^^^^^^^^^^^^^^^^^.....................~~
~~....................~^^^^^^^^^^^^^^^^^^.....................~~
~~.....................^^^^^^^^^^^^^^^^^^.....................~~
~~~....................^^^^^^^^^^^^^^^^^^....................~~~
~~.....................^^^^^^^^^^^^^^^^^^~....................~~
~~.....................~~~~~~~~~~~~~~~~~~.....................~~
~~....................~~~~~~~~~~~~~~~~~~~.....................~~
~~.....................~~~~~~~~~~~~~~~~~~.....................~~
~~...............##....~~~~~~~~~~~~~~~~~~.....................~~
~~...............#.....~~~~~~~~~~~~~~~~~~~...............##...~~
~~~....................~~~~~~~~~~~~~~~~~~.........::::::.....~~~
~~....................~~~~~~~~~~~~~~~~~~~.........::::::......~~
~~.....................~~~~~~~~~~~~~~~~~~.........::::::......~~
~~.....................~~~~~~~~~~~~~~~~~~.........::::::......~~
~~.....................~~~~~~~~~~~~~~~~~~~........::::::......~~
~~.....................~~~~~~~~~~~~~~~~~~.........::::::......~~
~~....................~~~~~~~~~~~~~~~~~~~.....................~~
~~~....................~~~~~~~~~~~~~~~~~~....................~~~
~~.....................~~~~~~~~~~~~~~~~~~.....................~~
~~.....................~~~~~~~~~~~~~~~~~~~..#.................~~
~~.....................~~~~~~~~~~~~~~~~~~.....................~~
~~......,,,,,.........~~~~~~~~~~~~~~~~~~~.....................~~
~~.....,,,,,,,.........~~~~~~~~~~~~~~~~~~.....................~~
~~....,,,,,,,,,........~~~~~........~~~~~.....................~~
~~~..,,,,,,,,,,,.......~~~~~........~~~~~~.........,,,,,.....~~~
~~...,,,,,,,,,,,.......~~~~~........~~~~~.........,,,,,,,.....~~
~~...,,,,,,,,,,,......~~~~~~........~~~~~........,,,,,,,,,....~~
~~...,,,,,,,,,,,.......~~~~~........~~~~~.......,,,,,,,,,,,...~~
~~...,,,,,,,,,,,.......~~~~~........~~~~~.......,,,,,,,,,,,...~~
~~....,,,,,,,,,........~~~~~........~~~~~~......,,,,,,,,,,,...~~
~~.....,,,,,,,.........~~~~~........~~~~~.......,,,,,,,,,,,...~~
~~~.....,,,,,.........~~~~~~........~~~~~.......,,,,,,,,,,,..~~~
~~.....................~~~~~........~~~~~........,,,,,,,,,....~~
~~.....................~~~~~~~~~~~~~~~~~~.........,,,,,,,.....~~
~~.....................~~~~~~~~~~~~~~~~~~~.........,,,,,......~~
~~.....................~~~~~~~~~~~~~~~~~~.....................~~
~~.................#..~~~~~~~~~~~~~~~~~~~.....................~~
~~.....................~~~~~~~~~~~~~~~~~~.....................~~
~~~....................~~~~~~~~~~~~~~~~~~....................~~~
~~.....................~~~~~~~~~~~~~~~~~~~....................~~
~~......::::::.........~~~~~~~~~~~~~~~~~~.....................~~
~~......::::::........~~~~~~~~~~~~~~~~~~~.....................~~
~~......::::::.........~~~~~~~~~~~~~~~~~~.....................~~
~~......::::::.........~~~~~~~~~~~~~~~~~~.....................~~
~~......::::::.........~~~~~~~~~~~~~~~~~~~....................~~
~~~.....::::::.........~~~~~~~~~~~~~~~~~~....................~~~
~~...##...............~~~~~~~~~~~~~~~~~~~.....#...............~~
~~.....................~~~~~~~~~~~~~~~~~~....##...............~~
~~.....................~~~~~~~~~~~~~~~~~~.....................~~
~~.....................~~~~~~~~~~~~~~~~~~~....................~~
~~.....................~~~~~~~~~~~~~~~~~~.....................~~
~~....................~^^^^^^^^^^^^^^^^^^.....................~~
~~~....................^^^^^^^^^^^^^^^^^^....................~~~
~~.....................^^^^^^^^^^^^^^^^^^.....................~~
~~.....................^^^^^^^^^^^^^^^^^^~....................~~
~~.....................^^^^^^^^^^^^^^^^^^.....................~~
~~~~~~~~~~~~~~~~~~~~~~~^^^^^^^^^^^^^^^^^^~~~~~~~~~~~~~~~~~~~~~~~
~~~~~~~~~~~~~~~~~~~~~~~^^^^^^^^^^^^^^^^^^~~~~~~~~~~~~~~~~~~~~~~~
~~~~~~~~~~~~~~~~~~~~~~~^^^^^^^^^^^^^^^^^^~~~~~~~~~~~~~~~~~~~~~~~
~~~~~~~~~~~~~~~~~~~~~~~^^^^^^^^^^^^^^^^^^~~~~~~~~~~~~~~~~~~~~~~~

base 0 8 29
base 1 53 32
worker 0 12 28
worker 1 51 35
worker 0 12 30
worker 1 51 33
worker 0 12 32
worker 1 51 31
worker 0 13 30
worker 1 50 33
gold 4 26 1500
gold 59 37 1500
gold 4 29 1500
gold 59 34 1500
gold 4 32 1500
gold 59 31 1500
gold 5 24 1500
gold 58 39 1500
gold 5 35 1500
gold 58 28 1500
gold 31 30 1500
gold 32 33 1500
gold 30 33 1500
gold 33 30 1500
