# Made with the RTS Kit map editor. The file format is described in duel.map.

name New map 64x64
width 64
height 64
tiles
................................................................
................................................................
................................................................
................................................................
................................................................
................................................................
................................................................
................................................................
................................................................
................................................................
................................................................
................................................................
................................................................
................................................................
................................................................
................................................................
................................................................
................................................................
................................................................
................................................................
................................................................
................................................................
................................................................
................................................................
................................................................
................................................................
................................................................
................................................................
................................................................
................................................................
................................................................
................................................................
................................................................
................................................................
................................................................
................................................................
................................................................
................................................................
................................................................
................................................................
................................................................
................................................................
................................................................
................................................................
................................................................
................................................................
................................................................
................................................................
................................................................
................................................................
................................................................
................................................................
................................................................
................................................................
................................................................
................................................................
................................................................
................................................................
................................................................
................................................................
................................................................
................................................................
................................................................
..............................................................~.

base 0 10 6
gold 3 8 1500
gold 3 5 1500
gold 4 2 1500
gold 7 2 1500
gold 10 2 1500
gold 4 10 1500
gold 6 6 1500
base 1 44 49
gold 54 48 1500
gold 54 49 1500
gold 53 52 1500
gold 50 54 1500
gold 47 56 1500
gold 44 56 1500
gold 49 52 1500
worker 1 49 49
worker 1 49 48
worker 0 8 8
worker 0 8 9
