# Made with the RTS Kit map editor. The file format is described in duel.map.

name River Crossing (128x128)
width 128
height 128
tiles
....................................................................~~~~~~......................................................
....................................................................~~~~~~......................................................
....................................................................~~~~~~......................................................
....................................................................~~~~~~......................................................
....................................................................~~~~~~......................................................
....................................................................~~~~~~......................................................
....................................................................~~~~~~......................................................
...................................................................~~~~~~~......................................................
...................................................................~~~~~~~......................................................
...................................................................~~~~~~.......................................................
...................................................................~~~~~~.......................................................
.........................................................####.....~~~~~####.....................................................
.........................................................####.....~~~~~####.....................................................
.........................................................####.....~~~~~####.....................................................
.........................................................####....~~~~~~####.....................................................
.........................................................####....~~~~~~####.....................................................
.........................................................####...~~~~~~~####.....................................................
................................................................,,,,,,..........................................................
...............................................................,,,,,,,..........................................................
...............................................................,,,,,,...........................................................
..............................................................,,,,,,,...........................................................
..............................................................,,,,,,............................................................
.........................................................####~~~~~~~...####.....................................................
.........................................................####~~~~~~....####.....................................................
.........................................................####~~~~~.....####.....................................................
.........................................................####~~~~~.....####.....................................................
.........................................................####~~~~......####.....................................................
.........................................................####~~~~......####.....................................................
..........................................................~~~~~~................................................................
..........................................................~~~~~~................................................................
.........................................................~~~~~~.................................................................
.........................................................~~~~~~.................................................................
........................................................~~~~~~~.................................................................
........................................................~~~~~~..................................................................
.......................................................~~~~~~~..................................................................
.......................................................~~~~~~~..................................................................
.......................................................~~~~~~...................................................................
.......................................................~~~~~~..............................###############......................
......................................................~~~~~~~..............................###############......................
......................................................~~~~~~~..............................###############......................
..............................####....................~~~~~~....................................................................
..............................####....................~~~~~~....................................................................
..............................####....................~~~~~~....................................................................
..............................####....................~~~~~~....................................................................
..............................####....................~~~~~~....................................................................
..............................####....................~~~~~~....................................................................
..............................####....................~~~~~~....................................................................
..............................####....................~~~~~~~...................................................................
..............................####....................~~~~~~~...................................................................
..............................####.....................~~~~~~...................................................................
..............................####.....................~~~~~~...................................................................
..............................####.....................~~~~~~...................................................................
..............................####.....................~~~~~~~..................................................................
........................................................~~~~~~..................................................................
........................................................~~~~~~~.................................................................
...............,,,,,.....................................~~~~~~.................................................................
.............,,,,,,,,,.................................####~~~~......####...................................,,,,,...............
............,,,,,,,,,,,................................####~~~~~.....####.................................,,,,,,,,,.............
...........,,,,,,,,,,,,,...............................####~~~~~.....####................................,,,,,,,,,,,............
..........,,,,,,,,,,,,,,,..............................####~~~~~~....####...............................,,,,,,,,,,,,,...........
..........,,,,,,,,,,,,,,,..............................####~~~~~~....####..............................,,,,,,,,,,,,,,,..........
.........,,,,,,,,,,,,,,,,,.................................~~~~~~~.....................................,,,,,,,,,,,,,,,..........
.........,,,,,,,,,,,,,,,,,..................................,,,,,,....................................,,,,,,,,,,,,,,,,,.........
.........,,,,,,,,,,,,,,,,,...................................,,,,,,...................................,,,,,,,,,,,,,,,,,.........
.........,,,,,,,,,,,,,,,,,...................................,,,,,,...................................,,,,,,,,,,,,,,,,,.........
.........,,,,,,,,,,,,,,,,,....................................,,,,,,..................................,,,,,,,,,,,,,,,,,.........
..........,,,,,,,,,,,,,,,.....................................~~~~~~~.................................,,,,,,,,,,,,,,,,,.........
..........,,,,,,,,,,,,,,,..............................####....~~~~~~####..............................,,,,,,,,,,,,,,,..........
...........,,,,,,,,,,,,,...............................####....~~~~~~####..............................,,,,,,,,,,,,,,,..........
............,,,,,,,,,,,................................####.....~~~~~####...............................,,,,,,,,,,,,,...........
.............,,,,,,,,,.................................####.....~~~~~####................................,,,,,,,,,,,............
...............,,,,,...................................####......~~~~####.................................,,,,,,,,,.............
.................................................................~~~~~~.....................................,,,,,...............
.................................................................~~~~~~~........................................................
..................................................................~~~~~~........................................................
..................................................................~~~~~~~.....................####..............................
...................................................................~~~~~~.....................####..............................
...................................................................~~~~~~.....................####..............................
...................................................................~~~~~~.....................####..............................
...................................................................~~~~~~~....................####..............................
...................................................................~~~~~~~....................####..............................
....................................................................~~~~~~....................####..............................
....................................................................~~~~~~....................####..............................
....................................................................~~~~~~....................####..............................
....................................................................~~~~~~....................####..............................
....................................................................~~~~~~....................####..............................
....................................................................~~~~~~....................####..............................
....................................................................~~~~~~....................####..............................
......................###############..............................~~~~~~~......................................................
......................###############..............................~~~~~~~......................................................
......................###############..............................~~~~~~.......................................................
...................................................................~~~~~~.......................................................
..................................................................~~~~~~~.......................................................
..................................................................~~~~~~~.......................................................
..................................................................~~~~~~........................................................
.................................................................~~~~~~~........................................................
.................................................................~~~~~~.........................................................
.................................................................~~~~~~.........................................................
................................................................~~~~~~..........................................................
................................................................~~~~~~..........................................................
.....................................................####......~~~~####.........................................................
.....................................................####......~~~~####.........................................................
.....................................................####.....~~~~~####.........................................................
.....................................................####.....~~~~~####.........................................................
.....................................................####....~~~~~~####.........................................................
.....................................................####...~~~~~~~####.........................................................
............................................................,,,,,,..............................................................
...........................................................,,,,,,,..............................................................
...........................................................,,,,,,...............................................................
..........................................................,,,,,,,...............................................................
..........................................................,,,,,,................................................................
.....................................................####~~~~~~~...####.........................................................
.....................................................####~~~~~~....####.........................................................
.....................................................####~~~~~~....####.........................................................
.....................................................####~~~~~.....####.........................................................
.....................................................####~~~~~.....####.........................................................
.....................................................####~~~~~.....####.........................................................
.......................................................~~~~~~...................................................................
.......................................................~~~~~~...................................................................
......................................................~~~~~~~...................................................................
......................................................~~~~~~~...................................................................
......................................................~~~~~~....................................................................
......................................................~~~~~~....................................................................
......................................................~~~~~~....................................................................
......................................................~~~~~~....................................................................
......................................................~~~~~~....................................................................
......................................................~~~~~~....................................................................
......................................................~~~~~~....................................................................

base 0 14 60
base 1 111 65
gold 8 52 1500
gold 119 75 1500
gold 6 59 1500
gold 121 68 1500
gold 6 66 1500
gold 121 61 1500
gold 8 73 1500
gold 119 54 1500
gold 13 77 1500
gold 114 50 1500
gold 45 22 2000
gold 82 105 2000
gold 46 64 2000
gold 81 63 2000
gold 45 104 2000
gold 82 23 2000
gold 45 25 1500
gold 45 19 1500
gold 48 16 1500
gold 49 28 1500
gold 46 68 1500
gold 49 60 1500
gold 49 72 1500
gold 45 111 1500
gold 50 100 1500
gold 50 113 1500
gold 82 110 1500
gold 78 114 1500
gold 78 100 1500
gold 81 68 1500
gold 77 57 1500
gold 78 71 1500
gold 82 16 1500
gold 78 12 1500
gold 78 29 1500
worker 0 12 60
worker 0 12 63
worker 0 16 65
worker 0 14 65
worker 1 111 63
worker 1 113 63
worker 1 115 65
worker 1 115 67
