# Made with the RTS Kit map editor. The file format is described in maps/FORMAT.md.

name River Crossing (128x128)
width 128
height 128
tiles
....................................................................~~~~~~......................................................
....................................................................~~~~~~......................................................
....................................................................~~~~~~......................................................
....................................................................~~~~~~......................................................
....................................................................~~~~~~......................................................
....................................................................~~~~~~......................................................
....................................................................~~~~~~......................................................
...................................................................~~~~~~~......................................................
...................................................................~~~~~~~......................................................
...................................................................~~~~~~.......................................................
...................................................................~~~~~~.......................................................
.........................................................####.....~~~~~####.....................................................
.........................................................####.....~~~~~####.....................................................
.........................................................####.....~~~~~####.....................................................
.........................................................####....~~~~~~####.....................................................
.........................................................####....~~~~~~####.....................................................
.........................................................####...~~~~~~~####.....................................................
................................................................,,,,,,..........................................................
...............................................................,,,,,,,..........................................................
...............................................................,,,,,,...........................................................
..............................................................,,,,,,,...........................................................
..............................................................,,,,,,............................................................
.........................................................####~~~~~~~...####.....................................................
.........................................................####~~~~~~....####.....................................................
.........................................................####~~~~~.....####.....................................................
.........................................................####~~~~~.....####.....................................................
.........................................................####~~~~......####.....................................................
.........................................................####~~~~......####.....................................................
..........................................................~~~~~~................................................................
..........................................................~~~~~~................................................................
.........................................................~~~~~~.................................................................
.........................................................~~~~~~.................................................................
........................................................~~~~~~~.................................................................
........................................................~~~~~~..................................................................
.......................................................~~~~~~~..................................................................
.......................................................~~~~~~~..................................................................
.......................................................~~~~~~...................................................................
.......................................................~~~~~~..............................###############......................
......................................................~~~~~~~..............................###############......................
......................................................~~~~~~~..............................###############......................
..............................####....................~~~~~~....................................................................
..............................####....................~~~~~~....................................................................
..............................####....................~~~~~~....................................................................
..............................####....................~~~~~~....................................................................
..............................####....................~~~~~~....................................................................
..............................####....................~~~~~~....................................................................
..............................####....................~~~~~~....................................................................
..............................####....................~~~~~~~...................................................................
..............................####....................~~~~~~~...................................................................
..............................####.....................~~~~~~...................................................................
..............................####.....................~~~~~~...................................................................
..............................####.....................~~~~~~...................................................................
..............................####.....................~~~~~~~..................................................................
........................................................~~~~~~..................................................................
........................................................~~~~~~~.................................................................
...............,,,,,.....................................~~~~~~.................................................................
.............,,,,,,,,,.................................####~~~~......####...................................,,,,,...............
............,,,,,,,,,,,................................####~~~~~.....####.................................,,,,,,,,,.............
...........,,,,,,,,,,,,,...............................####~~~~~.....####................................,,,,,,,,,,,............
..........,,,,,,,,,,,,,,,..............................####~~~~~~....####...............................,,,,,,,,,,,,,...........
..........,,,,,,,,,,,,,,,..............................####~~~~~~....####..............................,,,,,,,,,,,,,,,..........
.........,,,,,,,,,,,,,,,,,.................................~~~~~~~.....................................,,,,,,,,,,,,,,,..........
.........,,,,,,,,,,,,,,,,,..................................,,,,,,....................................,,,,,,,,,,,,,,,,,.........
.........,,,,,,,,,,,,,,,,,...................................,,,,,,...................................,,,,,,,,,,,,,,,,,.........
.........,,,,,,,,,,,,,,,,,...................................,,,,,,...................................,,,,,,,,,,,,,,,,,.........
.........,,,,,,,,,,,,,,,,,....................................,,,,,,..................................,,,,,,,,,,,,,,,,,.........
..........,,,,,,,,,,,,,,,.....................................~~~~~~~.................................,,,,,,,,,,,,,,,,,.........
..........,,,,,,,,,,,,,,,..............................####....~~~~~~####..............................,,,,,,,,,,,,,,,..........
...........,,,,,,,,,,,,,...............................####....~~~~~~####..............................,,,,,,,,,,,,,,,..........
............,,,,,,,,,,,................................####.....~~~~~####...............................,,,,,,,,,,,,,...........
.............,,,,,,,,,.................................####.....~~~~~####................................,,,,,,,,,,,............
...............,,,,,...................................####......~~~~####.................................,,,,,,,,,.............
.................................................................~~~~~~.....................................,,,,,...............
.................................................................~~~~~~~........................................................
..................................................................~~~~~~........................................................
..................................................................~~~~~~~.....................####..............................
...................................................................~~~~~~.....................####..............................
...................................................................~~~~~~.....................####..............................
...................................................................~~~~~~.....................####..............................
...................................................................~~~~~~~....................####..............................
...................................................................~~~~~~~....................####..............................
....................................................................~~~~~~....................####..............................
....................................................................~~~~~~....................####..............................
....................................................................~~~~~~....................####..............................
....................................................................~~~~~~....................####..............................
....................................................................~~~~~~....................####..............................
....................................................................~~~~~~....................####..............................
....................................................................~~~~~~....................####..............................
......................###############..............................~~~~~~~......................................................
......................###############..............................~~~~~~~......................................................
......................###############..............................~~~~~~.......................................................
...................................................................~~~~~~.......................................................
..................................................................~~~~~~~.......................................................
..................................................................~~~~~~~.......................................................
..................................................................~~~~~~........................................................
.................................................................~~~~~~~........................................................
.................................................................~~~~~~.........................................................
.................................................................~~~~~~.........................................................
................................................................~~~~~~..........................................................
................................................................~~~~~~..........................................................
.....................................................####......~~~~####.........................................................
.....................................................####......~~~~####.........................................................
.....................................................####.....~~~~~####.........................................................
.....................................................####.....~~~~~####.........................................................
.....................................................####....~~~~~~####.........................................................
.....................................................####...~~~~~~~####.........................................................
............................................................,,,,,,..............................................................
...........................................................,,,,,,,..............................................................
...........................................................,,,,,,...............................................................
..........................................................,,,,,,,...............................................................
..........................................................,,,,,,................................................................
.....................................................####~~~~~~~...####.........................................................
.....................................................####~~~~~~....####.........................................................
.....................................................####~~~~~~....####.........................................................
.....................................................####~~~~~.....####.........................................................
.....................................................####~~~~~.....####.........................................................
.....................................................####~~~~~.....####.........................................................
.......................................................~~~~~~...................................................................
.......................................................~~~~~~...................................................................
......................................................~~~~~~~...................................................................
......................................................~~~~~~~...................................................................
......................................................~~~~~~....................................................................
......................................................~~~~~~....................................................................
......................................................~~~~~~....................................................................
......................................................~~~~~~....................................................................
......................................................~~~~~~....................................................................
......................................................~~~~~~....................................................................
......................................................~~~~~~....................................................................

base 0 14 60
base 1 111 65
gold 48 16 1500
gold 49 60 1500
gold 81 68 1500
worker 0 12 60
worker 0 12 63
worker 0 16 65
worker 0 14 65
worker 1 111 63
worker 1 113 63
worker 1 115 65
worker 1 115 67
gold 116 60 1500
gold 118 63 1500
gold 118 66 1500
gold 115 69 1500
gold 78 102 1500
gold 80 105 1500
gold 80 109 1500
gold 77 111 1500
gold 81 64 1500
gold 79 61 1500
gold 79 70 1500
gold 81 16 1500
gold 83 18 1500
gold 83 21 1500
gold 81 23 1500
gold 48 19 1500
gold 51 21 1500
gold 51 14 1500
gold 46 62 1500
gold 46 65 1500
gold 49 67 1500
gold 49 103 1500
gold 46 106 1500
gold 46 109 1500
gold 49 111 1500
gold 12 56 1500
gold 9 60 1500
gold 9 65 1500
gold 12 68 1500
gold 121 63 1500
gold 121 66 1500
gold 6 60 1500
gold 6 65 1500
